// Jest Snapshot v1, https://goo.gl/fbAQLP

exports[`Button Component snapshot  1`] = `
<Styled(TextInput)
  placeholder="Digite aqui"
/>
`;
